// Jest Snapshot v1, https://goo.gl/fbAQLP

exports[`Athlete.vue renders content 1`] = `
<div
  class="athlete"
>
  <athlete-stub />
   
  <results-stub />
</div>
`;
