// Jest Snapshot v1, https://goo.gl/fbAQLP

exports[`AthleteImport.vue renders content 1`] = `
<div
  class="import"
>
  <athleteimport-stub />
</div>
`;
