// Jest Snapshot v1, https://goo.gl/fbAQLP

exports[`CompetitionList.vue renders content 1`] = `
<div
  class="event"
>
  <event-stub />
   
  <competitionlist-stub />
</div>
`;
