// Jest Snapshot v1, https://goo.gl/fbAQLP

exports[`CompetitionSearch.vue renders content 1`] = `
<div
  class="search"
>
  <competitionsearch-stub />
</div>
`;
