// Jest Snapshot v1, https://goo.gl/fbAQLP

exports[`CompetitionManage.vue renders content 1`] = `
<div
  class="event"
>
  <event-stub />
   
  <competitionform-stub />
</div>
`;
