// Jest Snapshot v1, https://goo.gl/fbAQLP

exports[`EventManage.vue renders content 1`] = `
<div
  class="event"
>
  <eventform-stub />
</div>
`;
