// Jest Snapshot v1, https://goo.gl/fbAQLP

exports[`InfoSport.vue renders content 1`] = `
<div
  class="home"
>
  <infosport-stub />
</div>
`;
