// Jest Snapshot v1, https://goo.gl/fbAQLP

exports[`Records.vue renders content 1`] = `
<div
  class="records"
>
  <records-stub />
</div>
`;
