// Jest Snapshot v1, https://goo.gl/fbAQLP

exports[`ResultImport.vue renders content 1`] = `
<div
  class="import"
>
  <competition-stub />
   
  <resultimport-stub />
</div>
`;
